// Jest Snapshot v1, https://goo.gl/fbAQLP

exports[`Header 组件测试 Header样式保存,变化后提示 1`] = `
<div class="header-box">
  <div class="header-content">
    TodoList
    <input data-test="input" placeholder="请输入待办事项" class="header-input"></div>
</div>
`;
